// Jest Snapshot v1, https://goo.gl/fbAQLP

exports[`Buttons matches snapshot 1`] = `
<div>
  <button
    class="MuiButtonBase-root MuiButton-root MuiButton-text"
    data-testid="left-button"
    tabindex="0"
    type="button"
  >
    <span
      class="MuiButton-label"
    >
      wizard.buttons.cancel
    </span>
    <span
      class="MuiTouchRipple-root"
    />
  </button>
  <button
    class="MuiButtonBase-root MuiButton-root MuiButton-contained MuiButton-containedSecondary Mui-disabled Mui-disabled"
    data-testid="right-button"
    disabled=""
    tabindex="-1"
    type="button"
  >
    <span
      class="MuiButton-label"
    >
      wizard.buttons.next
      <svg
        aria-hidden="true"
        class="MuiSvgIcon-root"
        focusable="false"
        viewBox="0 0 24 24"
      >
        <path
          d="M10 6L8.59 7.41 13.17 12l-4.58 4.59L10 18l6-6z"
        />
      </svg>
    </span>
  </button>
</div>
`;
