// Jest Snapshot v1, https://goo.gl/fbAQLP

exports[`Wizard matches snapshot 1`] = `
<div>
  <div
    class="MuiPaper-root wizard MuiPaper-elevation1 MuiPaper-rounded"
    data-testid="wizard"
  >
    <div
      class="stepper"
      data-testid="stepper"
    >
      <div
        class="MuiPaper-root MuiStepper-root stepper-container MuiStepper-horizontal MuiPaper-elevation0"
      >
        <div
          class="MuiStep-root MuiStep-horizontal"
          data-testid="step"
        >
          <span
            class="MuiStepLabel-root MuiStepLabel-horizontal"
          >
            <span
              class="MuiStepLabel-iconContainer"
            >
              <svg
                aria-hidden="true"
                class="MuiSvgIcon-root MuiStepIcon-root MuiStepIcon-active"
                focusable="false"
                viewBox="0 0 24 24"
              >
                <circle
                  cx="12"
                  cy="12"
                  r="12"
                />
                <text
                  class="MuiStepIcon-text"
                  text-anchor="middle"
                  x="12"
                  y="16"
                >
                  1
                </text>
              </svg>
            </span>
            <span
              class="MuiStepLabel-labelContainer"
            />
          </span>
        </div>
        <div
          class="MuiStepConnector-root MuiStepConnector-horizontal Mui-disabled"
        >
          <span
            class="MuiStepConnector-line MuiStepConnector-lineHorizontal"
          />
        </div>
        <div
          class="MuiStep-root MuiStep-horizontal"
          data-testid="step"
        >
          <span
            class="MuiStepLabel-root MuiStepLabel-horizontal Mui-disabled"
          >
            <span
              class="MuiStepLabel-iconContainer"
            >
              <svg
                aria-hidden="true"
                class="MuiSvgIcon-root MuiStepIcon-root"
                focusable="false"
                viewBox="0 0 24 24"
              >
                <circle
                  cx="12"
                  cy="12"
                  r="12"
                />
                <text
                  class="MuiStepIcon-text"
                  text-anchor="middle"
                  x="12"
                  y="16"
                >
                  2
                </text>
              </svg>
            </span>
            <span
              class="MuiStepLabel-labelContainer"
            />
          </span>
        </div>
        <div
          class="MuiStepConnector-root MuiStepConnector-horizontal Mui-disabled"
        >
          <span
            class="MuiStepConnector-line MuiStepConnector-lineHorizontal"
          />
        </div>
        <div
          class="MuiStep-root MuiStep-horizontal"
          data-testid="step"
        >
          <span
            class="MuiStepLabel-root MuiStepLabel-horizontal Mui-disabled"
          >
            <span
              class="MuiStepLabel-iconContainer"
            >
              <svg
                aria-hidden="true"
                class="MuiSvgIcon-root MuiStepIcon-root"
                focusable="false"
                viewBox="0 0 24 24"
              >
                <circle
                  cx="12"
                  cy="12"
                  r="12"
                />
                <text
                  class="MuiStepIcon-text"
                  text-anchor="middle"
                  x="12"
                  y="16"
                >
                  3
                </text>
              </svg>
            </span>
            <span
              class="MuiStepLabel-labelContainer"
            />
          </span>
        </div>
      </div>
    </div>
    <div
      class="step1"
      data-testid="step1"
    >
      <h1>
        wizard.header
      </h1>
      <div
        class="step1-wrapper"
      >
        <div
          class="step1-wrapper-image-container"
        >
          <img
            alt="Protect your password"
            src="group.svg"
          />
          <p>
            wizard.step1.protect_password
          </p>
        </div>
        <div
          class="step1-wrapper-image-container"
        >
          <img
            alt="Protect your password"
            src="group-3.svg"
          />
          <p>
            wizard.step1.master_key
          </p>
        </div>
      </div>
      <h4>
        wizard.step1.how_it_works_header
      </h4>
      <p>
        wizard.step1.how_it_works
      </p>
      <h4>
        wizard.step1.which_data_header
      </h4>
      <p>
        wizard.step1.which_data
      </p>
      <div
        class="step1-checkbox"
      >
        <label
          class="MuiFormControlLabel-root"
        >
          <span
            aria-disabled="false"
            class="MuiButtonBase-root MuiIconButton-root PrivateSwitchBase-root-1 MuiCheckbox-root MuiCheckbox-colorSecondary MuiIconButton-colorSecondary"
          >
            <span
              class="MuiIconButton-label"
            >
              <input
                class="PrivateSwitchBase-input-4"
                data-indeterminate="false"
                data-testid="privacy-checkbox"
                type="checkbox"
                value=""
              />
              <svg
                aria-hidden="true"
                class="MuiSvgIcon-root"
                focusable="false"
                viewBox="0 0 24 24"
              >
                <path
                  d="M19 5v14H5V5h14m0-2H5c-1.1 0-2 .9-2 2v14c0 1.1.9 2 2 2h14c1.1 0 2-.9 2-2V5c0-1.1-.9-2-2-2z"
                />
              </svg>
            </span>
            <span
              class="MuiTouchRipple-root"
            />
          </span>
          <span
            class="MuiTypography-root MuiFormControlLabel-label MuiTypography-body1"
          >
            wizard.step1.checkbox
          </span>
        </label>
      </div>
    </div>
    <hr
      class="MuiDivider-root"
    />
    <div
      class="button-container"
    >
      <button
        class="MuiButtonBase-root MuiButton-root MuiButton-text"
        data-testid="left-button"
        tabindex="0"
        type="button"
      >
        <span
          class="MuiButton-label"
        >
          wizard.buttons.cancel
        </span>
        <span
          class="MuiTouchRipple-root"
        />
      </button>
      <button
        class="MuiButtonBase-root MuiButton-root MuiButton-contained MuiButton-containedSecondary Mui-disabled Mui-disabled"
        data-testid="right-button"
        disabled=""
        tabindex="-1"
        type="button"
      >
        <span
          class="MuiButton-label"
        >
          wizard.buttons.next
          <svg
            aria-hidden="true"
            class="MuiSvgIcon-root"
            focusable="false"
            viewBox="0 0 24 24"
          >
            <path
              d="M10 6L8.59 7.41 13.17 12l-4.58 4.59L10 18l6-6z"
            />
          </svg>
        </span>
      </button>
    </div>
  </div>
</div>
`;
